// Jest Snapshot v1, https://goo.gl/fbAQLP

exports[`Home Snapshot 1`] = `
<div
  className="row"
>
  <div
    className="col-xs-12"
  >
    <div
      className="jumbotron"
    >
      <h3>
        (Game Title) Video Game Released! (...not)
      </h3>
      <p>
        (Copy describing video game)
      </p>
      <p>
        <button
          className="btn btn-primary"
          disabled={false}
          type="button"
        >
          Purchase Today!
        </button>
      </p>
    </div>
  </div>
  <div
    className="col-xs-12"
  >
    <div
      className="panel panel-default"
      id={undefined}
    >
      <div
        className="panel-heading"
      >
        Panel Header
      </div>
      <div
        className="panel-body"
      >
        Maybe this panel can be used for something.
      </div>
      <div
        className="panel-footer"
      >
        Panel Footer
      </div>
    </div>
  </div>
</div>
`;
